[GT3] n_stim 4442 share 0.43 corr 0.249 PR 20.1 obs +0.240 measured 45/90/135/180 0.144/0.063/0.101/0.185
  s=0.50 g=0.000: delta +0.151±0.003 | align 0.262/0.163/0.186/0.344 | err 0.01411 | 6s
  s=0.65 g=0.000: delta +0.241±0.003 | align 0.169/0.062/0.086/0.285 | err 0.00271 | 12s
  s=0.80 g=0.000: delta +0.355±0.003 | align 0.122/0.024/0.044/0.252 | err 0.00244 | 17s
  s=0.90 g=0.000: delta +0.428±0.003 | align 0.110/0.016/0.034/0.243 | err 0.00280 | 23s
  s=1.00 g=0.000: delta +0.489±0.003 | align 0.107/0.014/0.031/0.242 | err 0.00294 | 28s
  s=0.50 g=0.500: delta +0.149±0.003 | align 0.290/0.181/0.179/0.290 | err 0.01314 | 34s
  s=0.65 g=0.500: delta +0.240±0.003 | align 0.206/0.080/0.079/0.212 | err 0.00131 | 40s
  s=0.80 g=0.500: delta +0.356±0.003 | align 0.162/0.038/0.039/0.169 | err 0.00125 | 45s
  s=0.90 g=0.500: delta +0.430±0.003 | align 0.150/0.029/0.030/0.158 | err 0.00173 | 51s
  s=1.00 g=0.500: delta +0.490±0.003 | align 0.148/0.027/0.027/0.156 | err 0.00188 | 56s
  s=0.50 g=1.000: delta +0.146±0.004 | align 0.337/0.212/0.170/0.216 | err 0.01629 | 62s
  s=0.65 g=1.000: delta +0.234±0.003 | align 0.268/0.113/0.070/0.120 | err 0.00574 | 67s
  s=0.80 g=1.000: delta +0.347±0.003 | align 0.231/0.068/0.031/0.075 | err 0.00610 | 73s
  s=0.90 g=1.000: delta +0.418±0.003 | align 0.222/0.057/0.023/0.064 | err 0.00666 | 79s
  s=1.00 g=1.000: delta +0.474±0.005 | align 0.221/0.055/0.021/0.062 | err 0.00686 | 84s
  s=0.50 g=2.000: delta +0.140±0.004 | align 0.387/0.246/0.160/0.152 | err 0.02433 | 90s
  s=0.65 g=2.000: delta +0.223±0.004 | align 0.338/0.153/0.062/0.055 | err 0.01611 | 95s
  s=0.80 g=2.000: delta +0.327±0.002 | align 0.312/0.107/0.025/0.020 | err 0.01586 | 101s
  s=0.90 g=2.000: delta +0.391±0.003 | align 0.307/0.096/0.017/0.013 | err 0.01599 | 106s
  s=1.00 g=2.000: delta +0.442±0.004 | align 0.306/0.093/0.016/0.012 | err 0.01612 | 112s
  => FREE s*=0.8 gamma*=0.5 delta_pred +0.356 vs obs +0.240 (error +0.116; run48 one-param +0.116); 180 model 0.169 vs measured 0.185; ridge delta [+0.240, +0.430] spans obs: False
[GT1] n_stim 4282 share 0.84 corr 0.331 PR 18.5 obs +0.347 measured 45/90/135/180 0.152/0.048/0.066/0.103
  s=0.50 g=0.000: delta +0.043±0.003 | align 0.297/0.181/0.179/0.286 | err 0.02136 | 118s
  s=0.65 g=0.000: delta +0.114±0.003 | align 0.206/0.071/0.070/0.197 | err 0.00310 | 123s
  s=0.80 g=0.000: delta +0.230±0.002 | align 0.158/0.029/0.028/0.151 | err 0.00102 | 128s
  s=0.90 g=0.000: delta +0.316±0.001 | align 0.146/0.021/0.020/0.140 | err 0.00105 | 133s
  s=1.00 g=0.000: delta +0.398±0.001 | align 0.143/0.018/0.018/0.137 | err 0.00109 | 138s
  s=0.50 g=0.500: delta +0.040±0.002 | align 0.324/0.199/0.177/0.249 | err 0.02164 | 143s
  s=0.65 g=0.500: delta +0.111±0.001 | align 0.240/0.090/0.068/0.151 | err 0.00299 | 149s
  s=0.80 g=0.500: delta +0.226±0.001 | align 0.196/0.045/0.027/0.103 | err 0.00086 | 154s
  s=0.90 g=0.500: delta +0.312±0.001 | align 0.184/0.035/0.019/0.091 | err 0.00089 | 159s
  s=1.00 g=0.500: delta +0.392±0.002 | align 0.181/0.032/0.017/0.088 | err 0.00093 | 164s
  s=0.50 g=1.000: delta +0.036±0.002 | align 0.366/0.230/0.173/0.198 | err 0.02496 | 169s
  s=0.65 g=1.000: delta +0.105±0.002 | align 0.297/0.124/0.065/0.092 | err 0.00678 | 174s
  s=0.80 g=1.000: delta +0.218±0.001 | align 0.260/0.076/0.025/0.048 | err 0.00432 | 179s
  s=0.90 g=1.000: delta +0.301±0.001 | align 0.251/0.065/0.017/0.038 | err 0.00418 | 184s
  s=1.00 g=1.000: delta +0.376±0.002 | align 0.249/0.062/0.015/0.036 | err 0.00421 | 190s
  s=0.50 g=2.000: delta +0.032±0.003 | align 0.410/0.263/0.170/0.153 | err 0.03170 | 195s
  s=0.65 g=2.000: delta +0.098±0.004 | align 0.360/0.164/0.062/0.049 | err 0.01503 | 200s
  s=0.80 g=2.000: delta +0.206±0.003 | align 0.334/0.116/0.023/0.014 | err 0.01190 | 205s
  s=0.90 g=2.000: delta +0.284±0.002 | align 0.328/0.104/0.016/0.009 | err 0.01142 | 210s
  s=1.00 g=2.000: delta +0.354±0.002 | align 0.328/0.102/0.014/0.008 | err 0.01142 | 215s
  s=0.50 g=0.991: delta +0.036±0.002 | align 0.365/0.229/0.174/0.199 | err 0.02489 | 220s
  s=0.65 g=0.991: delta +0.105±0.002 | align 0.296/0.124/0.065/0.093 | err 0.00669 | 225s
  s=0.80 g=0.991: delta +0.218±0.001 | align 0.259/0.076/0.025/0.048 | err 0.00424 | 231s
  s=0.90 g=0.991: delta +0.301±0.001 | align 0.250/0.064/0.017/0.038 | err 0.00410 | 236s
  s=1.00 g=0.991: delta +0.377±0.002 | align 0.248/0.061/0.015/0.036 | err 0.00413 | 241s
  => FREE s*=0.8 gamma*=0.5 delta_pred +0.226 vs obs +0.347 (error -0.121; run48 one-param -0.118); 180 model 0.103 vs measured 0.103; ridge delta [+0.226, +0.398] spans obs: True
  => TIED gamma=0.991 s*=0.9 delta_pred +0.301 (error -0.046)
[GT2] n_stim 4469 share 0.62 corr 0.320 PR 23.3 obs +0.280 measured 45/90/135/180 0.130/0.031/0.063/0.138
  s=0.50 g=0.000: delta -0.009±0.003 | align 0.232/0.134/0.146/0.270 | err 0.01136 | 247s
  s=0.65 g=0.000: delta +0.060±0.003 | align 0.152/0.047/0.058/0.202 | err 0.00122 | 253s
  s=0.80 g=0.000: delta +0.177±0.003 | align 0.111/0.016/0.024/0.165 | err 0.00072 | 258s
  s=0.90 g=0.000: delta +0.266±0.003 | align 0.100/0.011/0.017/0.156 | err 0.00095 | 264s
  s=1.00 g=0.000: delta +0.352±0.003 | align 0.098/0.009/0.015/0.155 | err 0.00103 | 270s
  s=0.50 g=0.500: delta -0.012±0.003 | align 0.256/0.152/0.143/0.233 | err 0.01148 | 275s
  s=0.65 g=0.500: delta +0.057±0.003 | align 0.183/0.063/0.055/0.151 | err 0.00103 | 281s
  s=0.80 g=0.500: delta +0.175±0.003 | align 0.144/0.029/0.022/0.110 | err 0.00067 | 286s
  s=0.90 g=0.500: delta +0.264±0.002 | align 0.135/0.021/0.015/0.100 | err 0.00096 | 292s
  s=1.00 g=0.500: delta +0.350±0.002 | align 0.133/0.020/0.014/0.098 | err 0.00105 | 298s
  s=0.50 g=1.000: delta -0.016±0.003 | align 0.296/0.182/0.141/0.180 | err 0.01449 | 303s
  s=0.65 g=1.000: delta +0.052±0.003 | align 0.236/0.094/0.053/0.090 | err 0.00442 | 309s
  s=0.80 g=1.000: delta +0.167±0.002 | align 0.203/0.055/0.020/0.050 | err 0.00386 | 315s
  s=0.90 g=1.000: delta +0.254±0.001 | align 0.195/0.046/0.014/0.041 | err 0.00407 | 320s
  s=1.00 g=1.000: delta +0.337±0.001 | align 0.194/0.044/0.013/0.039 | err 0.00417 | 326s
  s=0.50 g=2.000: delta -0.020±0.003 | align 0.339/0.216/0.139/0.133 | err 0.02091 | 331s
  s=0.65 g=2.000: delta +0.044±0.002 | align 0.300/0.132/0.051/0.044 | err 0.01197 | 337s
  s=0.80 g=2.000: delta +0.155±0.002 | align 0.277/0.092/0.019/0.014 | err 0.01061 | 342s
  s=0.90 g=2.000: delta +0.237±0.001 | align 0.271/0.082/0.013/0.009 | err 0.01042 | 348s
  s=1.00 g=2.000: delta +0.313±0.000 | align 0.271/0.080/0.012/0.008 | err 0.01044 | 353s
  s=0.50 g=0.730: delta -0.014±0.003 | align 0.275/0.166/0.142/0.206 | err 0.01253 | 359s
  s=0.65 g=0.730: delta +0.055±0.003 | align 0.208/0.078/0.054/0.119 | err 0.00218 | 365s
  s=0.80 g=0.730: delta +0.172±0.002 | align 0.172/0.040/0.021/0.078 | err 0.00181 | 370s
  s=0.90 g=0.730: delta +0.260±0.002 | align 0.163/0.032/0.015/0.068 | err 0.00209 | 376s
  s=1.00 g=0.730: delta +0.345±0.001 | align 0.161/0.030/0.013/0.065 | err 0.00219 | 381s
  => FREE s*=0.8 gamma*=0.5 delta_pred +0.175 vs obs +0.280 (error -0.105; run48 one-param -0.100); 180 model 0.110 vs measured 0.138; ridge delta [+0.175, +0.266] spans obs: False
  => TIED gamma=0.73 s*=0.8 delta_pred +0.172 (error -0.108)
VERDICT {
 "share_order": [
  "GT1",
  "GT2",
  "GT3"
 ],
 "gamma_star": [
  0.5,
  0.5,
  0.5
 ],
 "delta_pred_free": [
  0.22611146143233563,
  0.1747841436736299,
  0.35581394251764614
 ],
 "error_free": [
  -0.12071349267550696,
  -0.10522122354852456,
  0.1161132217105692
 ],
 "R1_gamma_orders_with_share": false,
 "R2_pred_orders_GT1_GT2_GT3": false,
 "R2_all_errors_le_0.06": false,
 "R4_180_within_0.05_all": true,
 "abs_180_gap": [
  0.0002774347861607823,
  0.027552028497060135,
  0.01596851274371147
 ],
 "ridge_spans_observed": {
  "GT1": true,
  "GT2": false,
  "GT3": false
 },
 "R3_tied_orders": false,
 "R3_tied_errors_below_one_param": false,
 "delta_pred_tied": [
  0.30075643463348106,
  0.17178346970106698,
  0.35581394251764614
 ],
 "error_tied": [
  -0.046068519474361525,
  -0.10822189752108749
 ],
 "kappa": 1.1760318436590254
}
wrote /Users/adilamin/Work/research_2026/scaliwng_laws/paper_3ic/theta_project/data_canonical/run56_odd_gain_across_recordings.json in 381s
