Warning: You are sending unauthenticated requests to the HF Hub. Please set a HF_TOKEN to enable higher rate limits and faster downloads.

loading allenai/OLMo-2-0425-1B (mps)...
[transformers] `torch_dtype` is deprecated! Use `dtype` instead!
Loading weights:   0%|          | 0/179 [00:00<?, ?it/s]Loading weights:   1%|          | 1/179 [00:00<01:37,  1.82it/s]Loading weights:  45%|████▍     | 80/179 [00:00<00:00, 159.41it/s]Loading weights:  68%|██████▊   | 121/179 [00:00<00:00, 188.15it/s]Loading weights:  87%|████████▋ | 155/179 [00:00<00:00, 193.88it/s]Loading weights: 100%|██████████| 179/179 [00:01<00:00, 163.31it/s]
  16 layers

[OLMo-2-0425-1B / world_knowledge] 8 classes, 128 prompts — encoding...
    encoded 50/128
    encoded 100/128
    [world_knowledge] gram-trick validated
    L00 delta=+0.107 z=+1.5 p2=0.1417 | avg=-0.002±0.073 (2.1s)
    L01 delta=+0.133 z=+1.6 p2=0.0958 | avg=+0.018±0.070 (2.1s)
    L02 delta=+0.140 z=+1.8 p2=0.0619 | avg=+0.027±0.064 (2.1s)
    L03 delta=+0.163 z=+2.6 p2=0.0120 | avg=+0.031±0.066 (2.1s)
    L04 delta=+0.140 z=+2.7 p2=0.0080 | avg=+0.025±0.060 (2.1s)
    L05 delta=+0.090 z=+2.6 p2=0.0080 | avg=+0.015±0.045 (2.1s)
    L06 delta=+0.087 z=+3.0 p2=0.0060 | avg=+0.024±0.040 (2.1s)
    L07 delta=+0.079 z=+2.9 p2=0.0060 | avg=+0.020±0.041 (2.1s)
    L08 delta=+0.084 z=+3.0 p2=0.0080 | avg=+0.032±0.039 (2.1s)
    L09 delta=+0.079 z=+3.6 p2=0.0080 | avg=+0.027±0.036 (2.2s)
    L10 delta=+0.096 z=+3.8 p2=0.0040 | avg=+0.035±0.037 (2.1s)
    L11 delta=+0.063 z=+2.7 p2=0.0100 | avg=+0.025±0.025 (2.1s)
    L12 delta=+0.058 z=+2.7 p2=0.0080 | avg=+0.030±0.020 (2.2s)
    L13 delta=+0.037 z=+2.1 p2=0.0319 | avg=+0.028±0.016 (2.1s)
    L14 delta=+0.026 z=+1.3 p2=0.1637 | avg=+0.029±0.016 (2.1s)
    L15 delta=+0.009 z=+0.5 p2=0.6028 | avg=+0.027±0.019 (2.1s)
    L16 delta=-0.045 z=-1.1 p2=0.2715 | avg=+0.019±0.059 (2.1s)
  => IE canon -0.029 (p=0.2096) | PE canon +0.056 (p=0.4770) | IE avg p=0.9222 | PE avg p=0.0778

[OLMo-2-0425-1B / language_type] 8 classes, 128 prompts — encoding...
    encoded 50/128
    encoded 100/128
    [language_type] gram-trick validated
    L00 delta=-0.172 z=-2.8 p2=0.0160 | avg=+0.041±0.118 (2.1s)
    L01 delta=-0.174 z=-2.7 p2=0.0160 | avg=+0.004±0.099 (2.1s)
    L02 delta=-0.150 z=-2.6 p2=0.0160 | avg=-0.003±0.082 (2.1s)
    L03 delta=-0.102 z=-2.2 p2=0.0299 | avg=-0.002±0.054 (2.1s)
    L04 delta=-0.042 z=-1.4 p2=0.1537 | avg=+0.014±0.034 (2.1s)
    L05 delta=-0.176 z=-1.0 p2=0.2934 | avg=-0.028±0.124 (2.1s)
    L06 delta=-0.226 z=-1.0 p2=0.3054 | avg=+0.022±0.212 (2.1s)
    L07 delta=-0.256 z=-1.0 p2=0.3234 | avg=+0.041±0.260 (2.1s)
    L08 delta=-0.249 z=-0.9 p2=0.3653 | avg=-0.003±0.221 (2.1s)
    L09 delta=-0.054 z=-0.7 p2=0.4311 | avg=+0.082±0.132 (2.1s)
    L10 delta=-0.012 z=-0.3 p2=0.7505 | avg=+0.035±0.052 (2.1s)
    L11 delta=+0.032 z=+2.1 p2=0.0519 | avg=+0.024±0.027 (2.1s)
    L12 delta=+0.026 z=+2.0 p2=0.0399 | avg=+0.017±0.024 (2.1s)
    L13 delta=+0.044 z=+2.7 p2=0.0140 | avg=+0.016±0.029 (2.2s)
    L14 delta=+0.068 z=+3.8 p2=0.0020 | avg=+0.019±0.034 (2.1s)
    L15 delta=+0.078 z=+3.8 p2=0.0020 | avg=+0.024±0.038 (2.1s)
    L16 delta=+0.054 z=+0.8 p2=0.4411 | avg=-0.020±0.083 (2.2s)
  => IE canon +0.101 (p=0.0479) | PE canon +0.251 (p=0.1816) | IE avg p=0.2515 | PE avg p=0.2255

DONE run37
