[GT1] share 0.84 C_h(180) with baseline 0.51 tuned-only 0.17 | measured 180 0.103 | obs +0.347
  lam=0.0 s=0.50: delta +0.078±0.002 | align 0.179/0.048/0.048/0.177 | err 0.00163 | 6s
  lam=0.0 s=0.65: delta +0.143±0.002 | align 0.073/0.006/0.005/0.070 | err 0.00316 | 12s
  lam=0.0 s=0.80: delta +0.242±0.002 | align 0.032/0.052/0.052/0.029 | err 0.00499 | 17s
  lam=0.0 s=0.90: delta +0.319±0.002 | align 0.024/0.076/0.075/0.021 | err 0.00600 | 22s
  lam=0.0 s=1.00: delta +0.398±0.002 | align 0.022/0.083/0.082/0.019 | err 0.00636 | 28s
  => lam=0.0: s*=0.5 delta_pred +0.078 (error -0.269) 180 model 0.177 vs measured 0.103; ridge [+0.078,+0.078] spans obs False
  lam=0.5 s=0.50: delta +0.068±0.002 | align 0.218/0.087/0.086/0.216 | err 0.00479 | 33s
  lam=0.5 s=0.65: delta +0.141±0.002 | align 0.114/0.006/0.006/0.110 | err 0.00169 | 38s
  lam=0.5 s=0.80: delta +0.254±0.002 | align 0.066/0.010/0.009/0.063 | err 0.00338 | 44s
  lam=0.5 s=0.90: delta +0.341±0.002 | align 0.055/0.018/0.018/0.052 | err 0.00378 | 49s
  lam=0.5 s=1.00: delta +0.428±0.002 | align 0.052/0.021/0.021/0.049 | err 0.00387 | 54s
  => lam=0.5: s*=0.65 delta_pred +0.141 (error -0.206) 180 model 0.110 vs measured 0.103; ridge [+0.141,+0.141] spans obs False
  lam=1.0 s=0.50: delta +0.042±0.002 | align 0.293/0.180/0.178/0.293 | err 0.02154 | 59s
  lam=1.0 s=0.65: delta +0.114±0.002 | align 0.205/0.071/0.071/0.201 | err 0.00323 | 64s
  lam=1.0 s=0.80: delta +0.229±0.001 | align 0.158/0.029/0.029/0.153 | err 0.00106 | 69s
  lam=1.0 s=0.90: delta +0.315±0.001 | align 0.146/0.021/0.021/0.141 | err 0.00106 | 75s
  lam=1.0 s=1.00: delta +0.396±0.001 | align 0.143/0.018/0.018/0.138 | err 0.00110 | 80s
  => lam=1.0: s*=0.8 delta_pred +0.229 (error -0.118) 180 model 0.153 vs measured 0.103; ridge [+0.229,+0.396] spans obs True
[GT2] share 0.62 C_h(180) with baseline 0.58 tuned-only 0.32 | measured 180 0.138 | obs +0.280
  lam=0.0 s=0.50: delta +0.024±0.003 | align 0.130/0.034/0.043/0.178 | err 0.00050 | 86s
  lam=0.0 s=0.65: delta +0.087±0.004 | align 0.045/0.008/0.004/0.096 | err 0.00328 | 92s
  lam=0.0 s=0.80: delta +0.188±0.005 | align 0.016/0.053/0.034/0.058 | err 0.00517 | 98s
  lam=0.0 s=0.90: delta +0.267±0.005 | align 0.010/0.075/0.051/0.050 | err 0.00604 | 103s
  lam=0.0 s=1.00: delta +0.349±0.005 | align 0.009/0.082/0.056/0.048 | err 0.00633 | 109s
  => lam=0.0: s*=0.5 delta_pred +0.024 (error -0.256) 180 model 0.178 vs measured 0.138; ridge [+0.024,+0.024] spans obs False
  lam=0.5 s=0.50: delta +0.016±0.003 | align 0.161/0.061/0.071/0.203 | err 0.00153 | 114s
  lam=0.5 s=0.65: delta +0.085±0.003 | align 0.074/0.003/0.006/0.125 | err 0.00182 | 120s
  lam=0.5 s=0.80: delta +0.198±0.004 | align 0.038/0.014/0.007/0.087 | err 0.00363 | 126s
  lam=0.5 s=0.90: delta +0.286±0.004 | align 0.030/0.024/0.013/0.078 | err 0.00404 | 131s
  lam=0.5 s=1.00: delta +0.375±0.004 | align 0.028/0.027/0.015/0.075 | err 0.00414 | 137s
  => lam=0.5: s*=0.5 delta_pred +0.016 (error -0.264) 180 model 0.203 vs measured 0.138; ridge [+0.016,+0.085] spans obs False
  lam=1.0 s=0.50: delta -0.006±0.002 | align 0.223/0.132/0.142/0.254 | err 0.00962 | 143s
  lam=1.0 s=0.65: delta +0.063±0.002 | align 0.146/0.046/0.056/0.190 | err 0.00081 | 148s
  lam=1.0 s=0.80: delta +0.180±0.002 | align 0.108/0.016/0.023/0.155 | err 0.00066 | 154s
  lam=1.0 s=0.90: delta +0.268±0.003 | align 0.098/0.010/0.016/0.146 | err 0.00093 | 159s
  lam=1.0 s=1.00: delta +0.354±0.003 | align 0.096/0.009/0.014/0.145 | err 0.00102 | 165s
  => lam=1.0: s*=0.8 delta_pred +0.180 (error -0.100) 180 model 0.155 vs measured 0.138; ridge [+0.063,+0.268] spans obs False
[GT3] share 0.43 C_h(180) with baseline 0.70 tuned-only 0.48 | measured 180 0.185 | obs +0.240
  lam=0.0 s=0.50: delta +0.222±0.003 | align 0.133/0.033/0.058/0.258 | err 0.00203 | 171s
  lam=0.0 s=0.65: delta +0.303±0.003 | align 0.037/0.013/0.003/0.171 | err 0.00597 | 177s
  lam=0.0 s=0.80: delta +0.383±0.003 | align 0.008/0.077/0.031/0.127 | err 0.00672 | 182s
  lam=0.0 s=0.90: delta +0.438±0.003 | align 0.005/0.106/0.047/0.117 | err 0.00722 | 187s
  lam=0.0 s=1.00: delta +0.492±0.002 | align 0.004/0.114/0.053/0.114 | err 0.00742 | 193s
  => lam=0.0: s*=0.5 delta_pred +0.222 (error -0.018) 180 model 0.258 vs measured 0.185; ridge [+0.222,+0.222] spans obs False
  lam=0.5 s=0.50: delta +0.201±0.002 | align 0.174/0.070/0.099/0.290 | err 0.00300 | 199s
  lam=0.5 s=0.65: delta +0.295±0.003 | align 0.073/0.003/0.013/0.212 | err 0.00424 | 204s
  lam=0.5 s=0.80: delta +0.404±0.003 | align 0.033/0.017/0.004/0.170 | err 0.00603 | 209s
  lam=0.5 s=0.90: delta +0.476±0.003 | align 0.024/0.028/0.007/0.159 | err 0.00623 | 215s
  lam=0.5 s=1.00: delta +0.542±0.003 | align 0.022/0.032/0.009/0.157 | err 0.00625 | 221s
  => lam=0.5: s*=0.5 delta_pred +0.201 (error -0.039) 180 model 0.290 vs measured 0.185; ridge [+0.201,+0.295] spans obs True
  lam=1.0 s=0.50: delta +0.152±0.001 | align 0.254/0.161/0.191/0.346 | err 0.01398 | 226s
  lam=1.0 s=0.65: delta +0.242±0.002 | align 0.165/0.060/0.089/0.288 | err 0.00279 | 231s
  lam=1.0 s=0.80: delta +0.356±0.002 | align 0.120/0.023/0.045/0.255 | err 0.00253 | 237s
  lam=1.0 s=0.90: delta +0.429±0.001 | align 0.108/0.016/0.035/0.246 | err 0.00286 | 242s
  lam=1.0 s=1.00: delta +0.488±0.001 | align 0.106/0.014/0.033/0.244 | err 0.00298 | 248s
  => lam=1.0: s*=0.8 delta_pred +0.356 (error +0.116) 180 model 0.255 vs measured 0.185; ridge [+0.242,+0.488] spans obs False
VERDICT {
 "D1_180_within_0.05_all_lambda0": false,
 "model_180_lambda0": [
  0.17696112021803856,
  0.17774361496170363,
  0.25809892639517784
 ],
 "measured_180": [
  0.10312753170728683,
  0.1378889847546816,
  0.18517393246293068
 ],
 "D1_180_falls_with_share": true,
 "D2_orders_lambda0": false,
 "D2_errors_le_0.06_lambda0": false,
 "delta_pred_lambda0": [
  0.07760245823586297,
  0.02363435909208432,
  0.22214742619534059
 ],
 "error_lambda0": [
  -0.2692224958719796,
  -0.25637100813007013,
  -0.017553294611736353
 ],
 "error_lambda1": [
  -0.11785089369517873,
  -0.10026910986443091,
  0.11623939416117673
 ],
 "improvement_lambda0_over_1": [
  -0.15137160217680087,
  -0.15610189826563922,
  0.09868609954944038
 ],
 "D3_improvement_monotone_in_share": false,
 "D4_lambda_star_is_0_all": false,
 "lambda_star": [
  1.0,
  0.0,
  0.0
 ],
 "ridge_spans_observed_lambda0": [
  false,
  false,
  false
 ]
}
wrote /Users/adilamin/Work/research_2026/scaliwng_laws/paper_3ic/theta_project/data_canonical/run57_driven_gain_across_recordings.json in 248s
