[D1] trials 4282 neurons 20616 tuned 19942 sub 6647 | full deficit -0.691 -0.775 -0.661 -0.507 -0.199 +0.000 | late 0.73
  DS    : deficit -0.713 -0.838 -0.742 -0.595 -0.248 -0.000 | late 0.84 | delta +0.3511 (run59 +0.3511) | 5s
  nonDS : deficit -0.467 -0.443 -0.236 -0.109 -0.122 -0.000 | late 0.23 | delta +0.2352 (run59 +0.2352) | 8s
  random: deficit -0.836 -0.780 -0.619 -0.434 -0.192 -0.000 | late 0.52 | delta +0.4125 (run59 +0.4125) | 11s
[D2] trials 4469 neurons 14034 tuned 13871 sub 4623 | full deficit -0.520 -0.647 -0.564 -0.385 -0.125 +0.000 | late 0.74
  DS    : deficit -0.707 -0.737 -0.665 -0.453 -0.171 -0.000 | late 0.64 | delta +0.3593 (run59 +0.3593) | 14s
  nonDS : deficit -0.102 -0.204 -0.127 +0.002 +0.001 -0.000 | late -0.02 | delta +0.0791 (run59 +0.0791) | 17s
  random: deficit -0.783 -0.746 -0.560 -0.385 -0.071 -0.000 | late 0.49 | delta +0.4165 (run59 +0.4165) | 19s
[D3] trials 4442 neurons 11311 tuned 10773 sub 3591 | full deficit -0.452 -0.583 -0.419 -0.274 -0.150 +0.000 | late 0.61
  DS    : deficit -0.429 -0.654 -0.569 -0.439 -0.207 +0.000 | late 1.02 | delta +0.2216 (run59 +0.2216) | 22s
  nonDS : deficit -0.112 -0.261 -0.111 -0.012 -0.039 -0.000 | late 0.10 | delta +0.0827 (run59 +0.0827) | 24s
  random: deficit -0.395 -0.288 -0.235 -0.193 -0.093 -0.000 | late 0.49 | delta +0.1814 (run59 +0.1814) | 26s
[L1] trials 5170 neurons 22482 tuned 20685 sub 6895 | full deficit -0.944 -0.744 -0.569 -0.420 -0.145 +0.000 | late 0.44
  DS    : deficit -1.075 -0.827 -0.637 -0.470 -0.156 +0.000 | late 0.44 | delta +0.5243 (run59 +0.5243) | 32s
  nonDS : deficit -0.628 -0.389 -0.237 -0.136 -0.063 -0.000 | late 0.22 | delta +0.3037 (run59 +0.3037) | 37s
  random: deficit -0.850 -0.663 -0.571 -0.420 -0.139 +0.000 | late 0.49 | delta +0.4107 (run59 +0.4107) | 42s
[L2] trials 4139 neurons 17750 tuned 17240 sub 5746 | full deficit -0.774 -0.714 -0.488 -0.347 -0.119 +0.000 | late 0.45
  DS    : deficit -0.670 -0.722 -0.492 -0.347 -0.113 -0.000 | late 0.52 | delta +0.3539 (run59 +0.3539) | 46s
  nonDS : deficit -0.666 -0.342 -0.189 -0.166 -0.084 +0.000 | late 0.25 | delta +0.3027 (run59 +0.3027) | 49s
  random: deficit -0.641 -0.687 -0.515 -0.372 -0.118 -0.000 | late 0.58 | delta +0.3340 (run59 +0.3340) | 52s
[L3] trials 3278 neurons 15640 tuned 13948 sub 4649 | full deficit -0.974 -0.639 -0.430 -0.326 -0.117 +0.000 | late 0.34
  DS    : deficit -1.026 -0.676 -0.481 -0.375 -0.140 -0.000 | late 0.37 | delta +0.4803 (run59 +0.4803) | 54s
  nonDS : deficit -0.580 -0.306 -0.225 -0.184 -0.066 -0.000 | late 0.32 | delta +0.2633 (run59 +0.2633) | 56s
  random: deficit -0.831 -0.520 -0.344 -0.293 -0.142 -0.000 | late 0.35 | delta +0.3783 (run59 +0.3783) | 58s
[C1] trials 4270 neurons 22565 tuned 19151 sub 6383 | full deficit -0.368 -0.433 -0.299 -0.234 -0.076 +0.000 | late 0.64
  DS    : deficit -0.529 -0.531 -0.518 -0.449 -0.141 +0.000 | late 0.85 | delta +0.2536 (run59 +0.2536) | 62s
  nonDS : deficit -0.217 -0.100 +0.024 -0.056 -0.025 -0.000 | late 0.26 | delta +0.0953 (run59 +0.0953) | 66s
  random: deficit -0.325 -0.415 -0.280 -0.205 -0.100 +0.000 | late 0.63 | delta +0.1718 (run59 +0.1718) | 69s
[C2] trials 4573 neurons 16159 tuned 13906 sub 4635 | full deficit -0.439 -0.357 -0.278 -0.179 -0.076 +0.000 | late 0.41
  DS    : deficit -0.700 -0.569 -0.486 -0.397 -0.132 -0.000 | late 0.57 | delta +0.3362 (run59 +0.3362) | 73s
  nonDS : deficit -0.244 -0.100 -0.018 -0.023 -0.009 +0.000 | late 0.09 | delta +0.1137 (run59 +0.1137) | 76s
  random: deficit -0.432 -0.307 -0.254 -0.231 -0.092 -0.000 | late 0.54 | delta +0.1980 (run59 +0.1980) | 79s
VERDICT {
 "tags": [
  "D1",
  "D2",
  "D3",
  "L1",
  "L2",
  "L3",
  "C1",
  "C2"
 ],
 "late_fraction": {
  "DS": [
   0.8353202486316833,
   0.641779539001404,
   1.0242539051515558,
   0.43759970756851,
   0.517756254132622,
   0.36512194445450963,
   0.8488900506238343,
   0.566883069783811
  ],
  "random": [
   0.5198472918381714,
   0.49100363799383684,
   0.4887510154161729,
   0.49387793990175227,
   0.5796928572458899,
   0.35311009212848615,
   0.629645420378375,
   0.5353065292744413
  ],
  "nonDS": [
   0.2340589610936666,
   -0.015019281622377065,
   0.10327125524898866,
   0.21624084195077717,
   0.24959402896627628,
   0.316829148441271,
   0.25865366645032334,
   0.09266792838400989
  ],
  "full": [
   0.7332423004133226,
   0.7405736711413193,
   0.6057511481304357,
   0.44478739648250126,
   0.4477750472149424,
   0.33512775320744753,
   0.6366613247049163,
   0.40828478774824867
  ]
 },
 "S1_nonDS_below_DS_count": 8,
 "S2_DS_late_gt_0.5_drifting": [
  true,
  true,
  true
 ],
 "S3_delta_matches_run59": true,
 "S1": true,
 "S2": true,
 "S3": true
}
wrote /Users/adilamin/Work/research_2026/scaliwng_laws/paper_3ic/theta_project/data_canonical/run59b_per_rung_thirds.json in 79s
