[D1] trials 4282 tuned 19942 | f 0.61 DSI thirds 0.62/0.18 -> d 0.75/0.21 (clip frac 0.04) | corr 0.331 PR 18.5 | align 45/90/135/180 0.152/0.048/0.066/0.103 | b2/c1 tuned 1.37 | obs +0.347 | 2s
  A_two_species_s1.0    : delta +0.331±0.092 (obs +0.347, err -0.016) | align180 0.265 (meas 0.103) | realized corr 0.332 PR 13.0 | model b2/c1 0.85 | thirds DS/rand/OS +0.389/+0.364/+0.162 late -0.25/0.28/-0.51 | 19s
  A_two_species_s0.8    : delta +0.251±0.083 (obs +0.347, err -0.096) | align180 0.298 (meas 0.103) | realized corr 0.380 PR 15.1 | model b2/c1 0.85 | 26s
  B_resampled_s1.0      : delta +0.324±0.070 (obs +0.347, err -0.023) | align180 0.335 (meas 0.103) | realized corr 0.335 PR 14.1 | model b2/c1 1.05 | thirds DS/rand/OS +0.224/+0.304/+0.217 late 0.65/0.50/0.46 | 43s
  B_resampled_s0.8      : delta +0.255±0.058 (obs +0.347, err -0.092) | align180 0.361 (meas 0.103) | realized corr 0.382 PR 15.9 | model b2/c1 1.05 | 50s
  C_homogeneous_s0.8    : delta +0.229±0.001 (obs +0.347, err -0.118) | align180 0.153 (meas 0.103) | realized corr 0.417 PR 20.8 | 56s
[D2] trials 4469 tuned 13871 | f 0.58 DSI thirds 0.61/0.16 -> d 0.74/0.20 (clip frac 0.03) | corr 0.320 PR 23.3 | align 45/90/135/180 0.130/0.031/0.063/0.138 | b2/c1 tuned 1.60 | obs +0.280 | 57s
  A_two_species_s1.0    : delta +0.272±0.063 (obs +0.280, err -0.008) | align180 0.259 (meas 0.138) | realized corr 0.322 PR 16.0 | model b2/c1 0.93 | thirds DS/rand/OS -0.118/+0.158/+0.229 late 2.65/1.58/-0.22 | 76s
  A_two_species_s0.8    : delta +0.197±0.051 (obs +0.280, err -0.083) | align180 0.288 (meas 0.138) | realized corr 0.364 PR 18.4 | model b2/c1 0.93 | 82s
  B_resampled_s1.0      : delta +0.313±0.050 (obs +0.280, err +0.033) | align180 0.284 (meas 0.138) | realized corr 0.327 PR 15.2 | model b2/c1 1.10 | thirds DS/rand/OS +0.272/+0.310/+0.235 late -29.93/0.44/-0.18 | 95s
  B_resampled_s0.8      : delta +0.228±0.042 (obs +0.280, err -0.052) | align180 0.305 (meas 0.138) | realized corr 0.369 PR 17.8 | model b2/c1 1.10 | 100s
  C_homogeneous_s0.8    : delta +0.180±0.002 (obs +0.280, err -0.100) | align180 0.155 (meas 0.138) | realized corr 0.405 PR 24.3 | 106s
[D3] trials 4442 tuned 10773 | f 0.55 DSI thirds 0.61/0.15 -> d 0.73/0.18 (clip frac 0.04) | corr 0.249 PR 20.1 | align 45/90/135/180 0.144/0.063/0.101/0.185 | b2/c1 tuned 1.69 | obs +0.240 | 107s
  A_two_species_s1.0    : delta +0.506±0.026 (obs +0.240, err +0.266) | align180 0.295 (meas 0.185) | realized corr 0.253 PR 13.5 | model b2/c1 1.06 | thirds DS/rand/OS +0.414/+0.484/+0.177 late 1.13/0.25/0.45 | 120s
  A_two_species_s0.8    : delta +0.415±0.020 (obs +0.240, err +0.176) | align180 0.328 (meas 0.185) | realized corr 0.289 PR 15.5 | model b2/c1 1.06 | 125s
  B_resampled_s1.0      : delta +0.246±0.166 (obs +0.240, err +0.007) | align180 0.309 (meas 0.185) | realized corr 0.262 PR 15.9 | model b2/c1 1.18 | thirds DS/rand/OS +0.377/+0.163/+0.237 late 0.58/0.55/0.02 | 138s
  B_resampled_s0.8      : delta +0.201±0.121 (obs +0.240, err -0.038) | align180 0.339 (meas 0.185) | realized corr 0.296 PR 17.8 | model b2/c1 1.18 | 144s
  C_homogeneous_s0.8    : delta +0.356±0.002 (obs +0.240, err +0.116) | align180 0.255 (meas 0.185) | realized corr 0.324 PR 21.6 | 149s
[L1] trials 5170 tuned 20685 | f 0.72 DSI thirds 0.61/0.23 -> d 0.73/0.28 (clip frac 0.01) | corr 0.186 PR 30.4 | align 45/90/135/180 0.172/0.051/0.045/0.056 | b2/c1 tuned 0.83 | obs +0.461 | 151s
  A_two_species_s1.0    : delta +0.479±0.061 (obs +0.461, err +0.018) | align180 0.093 (meas 0.056) | realized corr 0.189 PR 19.4 | model b2/c1 0.60 | thirds DS/rand/OS +0.301/+0.376/+0.391 late 1.05/0.68/0.10 | 169s
  A_two_species_s0.8    : delta +0.377±0.053 (obs +0.461, err -0.084) | align180 0.121 (meas 0.056) | realized corr 0.220 PR 22.3 | model b2/c1 0.60 | 176s
  B_resampled_s1.0      : delta +0.409±0.054 (obs +0.461, err -0.052) | align180 0.207 (meas 0.056) | realized corr 0.190 PR 20.7 | model b2/c1 0.86 | thirds DS/rand/OS +0.425/+0.444/+0.394 late 0.39/0.30/0.18 | 194s
  B_resampled_s0.8      : delta +0.325±0.044 (obs +0.461, err -0.136) | align180 0.224 (meas 0.056) | realized corr 0.221 PR 23.5 | model b2/c1 0.86 | 201s
  C_homogeneous_s0.8    : delta +0.361±0.002 (obs +0.461, err -0.100) | align180 0.090 (meas 0.056) | realized corr 0.250 PR 29.8 | 208s
[L2] trials 4139 tuned 17240 | f 0.76 DSI thirds 0.65/0.25 -> d 0.79/0.30 (clip frac 0.02) | corr 0.223 PR 26.3 | align 45/90/135/180 0.175/0.048/0.038/0.042 | b2/c1 tuned 0.78 | obs +0.394 | 209s
  A_two_species_s1.0    : delta +0.316±0.059 (obs +0.394, err -0.078) | align180 0.096 (meas 0.042) | realized corr 0.228 PR 15.8 | model b2/c1 0.49 | thirds DS/rand/OS +0.304/+0.348/+0.178 late 0.06/0.52/1.11 | 221s
  A_two_species_s0.8    : delta +0.239±0.050 (obs +0.394, err -0.155) | align180 0.126 (meas 0.042) | realized corr 0.265 PR 18.4 | model b2/c1 0.49 | 226s
  B_resampled_s1.0      : delta +0.421±0.020 (obs +0.394, err +0.027) | align180 0.185 (meas 0.042) | realized corr 0.232 PR 17.9 | model b2/c1 0.77 | thirds DS/rand/OS +0.429/+0.373/+0.356 late 0.42/0.61/0.26 | 238s
  B_resampled_s0.8      : delta +0.324±0.013 (obs +0.394, err -0.069) | align180 0.213 (meas 0.042) | realized corr 0.267 PR 20.6 | model b2/c1 0.77 | 243s
  C_homogeneous_s0.8    : delta +0.303±0.003 (obs +0.394, err -0.090) | align180 0.062 (meas 0.042) | realized corr 0.294 PR 26.7 | 248s
[L3] trials 3278 tuned 13948 | f 0.78 DSI thirds 0.66/0.27 -> d 0.80/0.32 (clip frac 0.02) | corr 0.229 PR 19.3 | align 45/90/135/180 0.242/0.072/0.045/0.045 | b2/c1 tuned 0.67 | obs +0.460 | 249s
  A_two_species_s1.0    : delta +0.319±0.138 (obs +0.460, err -0.142) | align180 0.110 (meas 0.045) | realized corr 0.237 PR 14.3 | model b2/c1 0.45 | thirds DS/rand/OS +0.079/+0.184/+0.184 late -0.67/-1.42/4.57 | 257s
  A_two_species_s0.8    : delta +0.250±0.097 (obs +0.460, err -0.211) | align180 0.158 (meas 0.045) | realized corr 0.275 PR 16.2 | model b2/c1 0.45 | 260s
  B_resampled_s1.0      : delta +0.401±0.082 (obs +0.460, err -0.060) | align180 0.225 (meas 0.045) | realized corr 0.235 PR 13.3 | model b2/c1 0.72 | thirds DS/rand/OS +0.325/+0.430/+0.168 late -0.49/1.20/-0.06 | 267s
  B_resampled_s0.8      : delta +0.326±0.063 (obs +0.460, err -0.134) | align180 0.263 (meas 0.045) | realized corr 0.272 PR 15.3 | model b2/c1 0.72 | 270s
  C_homogeneous_s0.8    : delta +0.345±0.002 (obs +0.460, err -0.116) | align180 0.052 (meas 0.045) | realized corr 0.301 PR 20.7 | 273s
[C1] trials 4270 tuned 19151 | f 0.56 DSI thirds 0.57/0.15 -> d 0.69/0.19 (clip frac 0.01) | corr 0.162 PR 38.0 | align 45/90/135/180 0.157/0.085/0.109/0.162 | b2/c1 tuned 1.54 | obs +0.196 | 276s
  A_two_species_s1.0    : delta +0.246±0.121 (obs +0.196, err +0.050) | align180 0.319 (meas 0.162) | realized corr 0.160 PR 16.4 | model b2/c1 1.09 | thirds DS/rand/OS +0.403/+0.171/-0.013 late 0.75/-3.23/0.04 | 288s
  A_two_species_s0.8    : delta +0.209±0.091 (obs +0.196, err +0.013) | align180 0.316 (meas 0.162) | realized corr 0.190 PR 20.2 | model b2/c1 1.09 | 293s
  B_resampled_s1.0      : delta +0.268±0.081 (obs +0.196, err +0.072) | align180 0.308 (meas 0.162) | realized corr 0.160 PR 16.9 | model b2/c1 1.20 | thirds DS/rand/OS +0.284/+0.240/+0.101 late -0.81/1.83/1.44 | 305s
  B_resampled_s0.8      : delta +0.228±0.060 (obs +0.196, err +0.033) | align180 0.302 (meas 0.162) | realized corr 0.189 PR 20.7 | model b2/c1 1.20 | 310s
  C_homogeneous_s0.8    : delta +0.318±0.001 (obs +0.196, err +0.122) | align180 0.157 (meas 0.162) | realized corr 0.218 PR 35.4 | 315s
[C2] trials 4573 tuned 13906 | f 0.38 DSI thirds 0.47/0.11 -> d 0.56/0.13 (clip frac 0.00) | corr 0.155 PR 46.0 | align 45/90/135/180 0.186/0.109/0.149/0.220 | b2/c1 tuned 2.47 | obs +0.217 | 316s
  A_two_species_s1.0    : delta +0.222±0.195 (obs +0.217, err +0.006) | align180 0.369 (meas 0.220) | realized corr 0.156 PR 22.8 | model b2/c1 2.32 | thirds DS/rand/OS +0.355/+0.335/+0.019 late -0.03/0.19/0.06 | 330s
  A_two_species_s0.8    : delta +0.191±0.155 (obs +0.217, err -0.026) | align180 0.344 (meas 0.220) | realized corr 0.182 PR 27.2 | model b2/c1 2.32 | 336s
  B_resampled_s1.0      : delta +0.173±0.162 (obs +0.217, err -0.043) | align180 0.355 (meas 0.220) | realized corr 0.151 PR 20.9 | model b2/c1 1.81 | thirds DS/rand/OS +0.296/+0.280/+0.051 late 1.72/0.39/1.37 | 349s
  B_resampled_s0.8      : delta +0.153±0.130 (obs +0.217, err -0.064) | align180 0.342 (meas 0.220) | realized corr 0.178 PR 25.4 | model b2/c1 1.81 | 355s
  C_homogeneous_s0.8    : delta +0.293±0.000 (obs +0.217, err +0.076) | align180 0.156 (meas 0.220) | realized corr 0.208 PR 40.1 | 361s
VERDICT {
 "tags": [
  "D1",
  "D2",
  "D3",
  "L1",
  "L2",
  "L3",
  "C1",
  "C2"
 ],
 "observed": [
  0.3468249541078426,
  0.28000536722215447,
  0.23970072080707694,
  0.4611692741898112,
  0.39374025095244863,
  0.46028900165386427,
  0.19553155944570494,
  0.21679304996348564
 ],
 "arms": {
  "A_two_species_s1.0": {
   "predicted": [
    0.33075709278998594,
    0.2715207339539456,
    0.5056009659021963,
    0.47947354234216594,
    0.31595621650582223,
    0.3186402674396471,
    0.245924581755273,
    0.22241839405228028
   ],
   "errors": [
    -0.016067861317856647,
    -0.008484633268208863,
    0.26590024509511934,
    0.018304268152354752,
    -0.0777840344466264,
    -0.1416487342142172,
    0.05039302230956805,
    0.005625344088794643
   ],
   "M1_orders_D1_D2_D3": false,
   "M2_rho": 0.5476190476190477,
   "M2_top3": [
    "D3",
    "L1",
    "D1"
   ],
   "M2": false,
   "M3_drifting_errors": [
    -0.016067861317856647,
    -0.008484633268208863,
    0.26590024509511934
   ],
   "M3": false,
   "M5_abs_180_gap": [
    0.16210356230537099,
    0.12137646911044914,
    0.11023241902391118,
    0.03777251703043778,
    0.05390925332903862,
    0.0652218849087755,
    0.15686984981099766,
    0.1488061932226022
   ],
   "M5": false,
   "M4_DS_gt_OS_count": 5,
   "M4_DS_late_gt_OS_count": 5,
   "M4": false
  },
  "A_two_species_s0.8": {
   "predicted": [
    0.2505447826655604,
    0.19698670333105983,
    0.4152428523434914,
    0.37668779395263235,
    0.2390037553889556,
    0.24958776008495864,
    0.20892938115723517,
    0.1907395471036002
   ],
   "errors": [
    -0.09628017144228218,
    -0.08301866389109464,
    0.17554213153641446,
    -0.08448148023717883,
    -0.15473649556349303,
    -0.21070124156890563,
    0.013397821711530228,
    -0.026053502859885447
   ],
   "M1_orders_D1_D2_D3": false,
   "M2_rho": 0.4761904761904762,
   "M2_top3": [
    "D3",
    "L1",
    "D1"
   ],
   "M2": false,
   "M3_drifting_errors": [
    -0.09628017144228218,
    -0.08301866389109464,
    0.17554213153641446
   ],
   "M3": false,
   "M5_abs_180_gap": [
    0.19478686526417732,
    0.15052975279589492,
    0.1431000443796317,
    0.0656361524015665,
    0.08427227474749088,
    0.112738072561721,
    0.15384795640905696,
    0.12361481164892513
   ],
   "M5": false
  },
  "B_resampled_s1.0": {
   "predicted": [
    0.32352557351824945,
    0.31329139059359673,
    0.24636342641153686,
    0.4094785734531212,
    0.42113254047517606,
    0.4006491256791154,
    0.26772269077055194,
    0.17334843451195625
   ],
   "errors": [
    -0.023299380589593133,
    0.033286023371442264,
    0.0066627056044599176,
    -0.051690700736689965,
    0.02739228952272743,
    -0.059639875974748846,
    0.072191131324847,
    -0.04344461545152939
   ],
   "M1_orders_D1_D2_D3": true,
   "M2_rho": 0.8571428571428572,
   "M2_top3": [
    "L2",
    "L1",
    "L3"
   ],
   "M2": true,
   "M3_drifting_errors": [
    -0.023299380589593133,
    0.033286023371442264,
    0.0066627056044599176
   ],
   "M3": true,
   "M5_abs_180_gap": [
    0.23213793834050495,
    0.14620827697217464,
    0.12333263580997783,
    0.15156670970221361,
    0.14366002629200617,
    0.17966844545056423,
    0.14611339693268138,
    0.13514755045374233
   ],
   "M5": false,
   "M4_DS_gt_OS_count": 8,
   "M4_DS_late_gt_OS_count": 5,
   "M4": false
  },
  "B_resampled_s0.8": {
   "predicted": [
    0.2551169504707628,
    0.22795224233991082,
    0.20142276480090457,
    0.32489589257357343,
    0.32440145752991145,
    0.3259242859527964,
    0.22817385160004786,
    0.1527263272432611
   ],
   "errors": [
    -0.09170800363707976,
    -0.052053124882243645,
    -0.03827795600617237,
    -0.13627338161623775,
    -0.06933879342253718,
    -0.1343647157010679,
    0.03264229215434292,
    -0.06406672272022454
   ],
   "M1_orders_D1_D2_D3": true,
   "M2_rho": 0.8333333333333335,
   "M2_top3": [
    "L3",
    "L1",
    "L2"
   ],
   "M2": true,
   "M3_drifting_errors": [
    -0.09170800363707976,
    -0.052053124882243645,
    -0.03827795600617237
   ],
   "M3": false,
   "M5_abs_180_gap": [
    0.2575000077486038,
    0.16706575515369576,
    0.15343017255266506,
    0.16822348845501742,
    0.1710976424316565,
    0.21780835868169862,
    0.13963783904910088,
    0.1215948375562827
   ],
   "M5": false
  },
  "C_homogeneous_s0.8": {
   "predicted": [
    0.22897406041266385,
    0.17973625735772356,
    0.3559401149682537,
    0.36103310964203844,
    0.30349580338076904,
    0.3445153866230404,
    0.3178811389844056,
    0.2926511168213078
   ],
   "errors": [
    -0.11785089369517873,
    -0.10026910986443091,
    0.11623939416117673,
    -0.10013616454777274,
    -0.0902444475716796,
    -0.1157736150308239,
    0.12234957953870068,
    0.07585806685782215
   ],
   "M1_orders_D1_D2_D3": false,
   "M2_rho": 0.3333333333333334,
   "M2_top3": [
    "L1",
    "D3",
    "L3"
   ],
   "M2": false,
   "M3_drifting_errors": [
    -0.11785089369517873,
    -0.10026910986443091,
    0.11623939416117673
   ],
   "M3": false,
   "M5_abs_180_gap": [
    0.05020403986175856,
    0.01742520121236643,
    0.07003406931956607,
    0.03466867096722126,
    0.019923734789093338,
    0.006526111314694084,
    0.005326355497042329,
    0.06355229516824087
   ],
   "M5": false
  }
 }
}
wrote /Users/adilamin/Work/research_2026/scaliwng_laws/paper_3ic/theta_project/data_canonical/run60_mixture_model.json in 361s
